
> data-analyst-portfolio@0.0.0 build
> vite build

[36mvite v5.4.21 [32mbuilding for production...[36m[39m
transforming...
[32mΓ£ô[39m 4 modules transformed.
x Build failed in 728ms
error during build:
[vite:css] [postcss] D:/Data Analyst/portfolio/src/index.css:38:9: The `shadow-[0_8px_32px_0_rgba(31,` class does not exist. If `shadow-[0_8px_32px_0_rgba(31,` is a custom class, make sure it is defined within a `@layer` directive.
file: D:/Data Analyst/portfolio/src/index.css:38:8
    at Input.error (D:\Data Analyst\portfolio\node_modules\postcss\lib\input.js:135:16)
    at AtRule.error (D:\Data Analyst\portfolio\node_modules\postcss\lib\node.js:146:32)
    at processApply (D:\Data Analyst\portfolio\node_modules\tailwindcss\lib\lib\expandApplyAtRules.js:380:29)
    at D:\Data Analyst\portfolio\node_modules\tailwindcss\lib\lib\expandApplyAtRules.js:551:9
    at D:\Data Analyst\portfolio\node_modules\tailwindcss\lib\processTailwindFeatures.js:55:50
    at async plugins (D:\Data Analyst\portfolio\node_modules\tailwindcss\lib\plugin.js:38:17)
    at async LazyResult.runAsync (D:\Data Analyst\portfolio\node_modules\postcss\lib\lazy-result.js:293:11)
    at async compileCSS (file:///D:/Data%20Analyst/portfolio/node_modules/vite/dist/node/chunks/dep-BK3b2jBa.js:36898:21)
    at async Object.transform (file:///D:/Data%20Analyst/portfolio/node_modules/vite/dist/node/chunks/dep-BK3b2jBa.js:36171:11)
    at async transform (file:///D:/Data%20Analyst/portfolio/node_modules/rollup/dist/es/shared/node-entry.js:21269:16)
